main.c:74:6:display7SEG	16	static
main.c:92:6:displayMatrixLed	16	static
main.c:110:6:updateLEDMatrix	16	static
main.c:164:6:MatrixAnimation	16	static
main.c:187:6:setTimer0	16	static
main.c:191:6:timer0_run	4	static
main.c:198:6:setTimer1	16	static
main.c:202:6:timer1_run	4	static
main.c:209:6:setTimer2	16	static
main.c:213:6:timer2_run	4	static
main.c:226:5:main	8	static
main.c:338:6:SystemClock_Config	72	static
main.c:374:13:MX_TIM2_Init	32	static
main.c:419:13:MX_GPIO_Init	40	static
main.c:469:6:HAL_TIM_PeriodElapsedCallback	16	static
main.c:474:6:update7SEG	16	static
main.c:497:6:updateClockBuffer	4	static
main.c:509:6:Error_Handler	4	static,ignoring_inline_asm
